[marketpresso.com/special/index.html]
[backblue.gif]
[fade.gif]
[index.html]
[use.fontawesome.com/releases/v5.7.2/css/all.css]
[marketpresso.com/special/css/bootstrap.css]
[marketpresso.com/special/css/style.css]
[marketpresso.com/special/images/favicon.png]
[ajax.cloudflare.com/cdn-cgi/scripts/04b3eb47/cloudflare-static/mirage2.min.js]
[marketpresso.com/special/images/logo.png]
[player.vimeo.com/api/player.js]
[marketpresso.com/special/images/icona1.png]
[marketpresso.com/special/images/icona2.png]
[marketpresso.com/special/images/icona3.png]
[marketpresso.com/special/images/icona4.png]
[marketpresso.com/special/images/icona5.png]
[marketpresso.com/special/images/icona6.png]
[marketpresso.com/special/images/icona7.png]
[marketpresso.com/special/images/icona8.png]
[marketpresso.com/special/images/girl.png]
[marketpresso.com/special/images/graphic2.png]
[marketpresso.com/special/images/bot1.png]
[marketpresso.com/special/images/bot2.png]
[marketpresso.com/special/images/bot3.png]
[marketpresso.com/special/images/bot4.png]
[marketpresso.com/special/images/bot5.png]
[marketpresso.com/special/images/iconc1.png]
[marketpresso.com/special/images/iconc2.png]
[marketpresso.com/special/images/iconc3.png]
[marketpresso.com/special/images/iconc4.png]
[marketpresso.com/special/images/iconc5.png]
[marketpresso.com/special/images/iconc7.png]
[marketpresso.com/special/images/iconc8.png]
[marketpresso.com/special/images/iconc9.png]
[marketpresso.com/special/images/iconc10.png]
[marketpresso.com/special/images/iconc11.png]
[marketpresso.com/special/images/iconc12.png]
[marketpresso.com/special/images/girl1.png]
[marketpresso.com/special/images/iconc15.png]
[marketpresso.com/special/images/iconc16.png]
[marketpresso.com/special/images/iconc17.png]
[marketpresso.com/special/images/iconc18.png]
[marketpresso.com/special/images/iconc19.png]
[marketpresso.com/special/images/iconc20.png]
[marketpresso.com/special/images/iconc13.png]
[marketpresso.com/special/images/iconc14.png]
[marketpresso.com/special/images/icond1.png]
[marketpresso.com/special/images/icond2.png]
[marketpresso.com/special/images/icond3.png]
[marketpresso.com/special/images/icond4.png]
[marketpresso.com/special/images/icond5.png]
[marketpresso.com/special/images/icond6.png]
[marketpresso.com/special/images/icond7.png]
[marketpresso.com/special/images/girl3.png]
[marketpresso.com/special/images/services.png]
[marketpresso.com/special/images/category.png]
[marketpresso.com/special/images/checkout.png]
[marketpresso.com/special/images/testimonial.png]
[marketpresso.com/special/images/payment.png]
[marketpresso.com/special/images/sample1.png]
[marketpresso.com/special/images/step1.png]
[marketpresso.com/special/images/step1-img.png]
[marketpresso.com/special/images/step2-img.png]
[marketpresso.com/special/images/step2a.png]
[marketpresso.com/special/images/step3a.png]
[marketpresso.com/special/images/step3-img.png]
[marketpresso.com/special/images/step4-img.png]
[marketpresso.com/special/images/step4.png]
[marketpresso.com/special/images/img1.png]
[marketpresso.com/special/images/girl4.png]
[marketpresso.com/special/images/cover.png]
[marketpresso.com/special/images/test3.png]
[marketpresso.com/special/images/test6.png]
[marketpresso.com/special/images/test7.png]
[marketpresso.com/special/images/test8.png]
[marketpresso.com/special/images/test9.png]
[marketpresso.com/special/images/test1.png]
[marketpresso.com/special/images/test15a.png]
[marketpresso.com/special/images/test15b.png]
[marketpresso.com/special/images/test12a.png]
[marketpresso.com/special/images/test12b.png]
[marketpresso.com/special/images/test17.png]
[marketpresso.com/special/images/test11.png]
[marketpresso.com/special/images/test4.png]
[marketpresso.com/special/images/test18.png]
[marketpresso.com/special/images/test19.png]
[marketpresso.com/special/images/test2.png]
[marketpresso.com/special/images/test10.png]
[marketpresso.com/special/images/test13.png]
[marketpresso.com/special/images/test14.png]
[marketpresso.com/special/images/test5.png]
[marketpresso.com/special/images/test16.png]
[marketpresso.com/special/images/arrow.png]
[marketpresso.com/special/images/arrow1.png]
[marketpresso.com/special/images/icone1.png]
[marketpresso.com/special/images/icone2.png]
[marketpresso.com/special/images/icone3.png]
[marketpresso.com/special/images/male1.png]
[marketpresso.com/special/images/iconf1.png]
[marketpresso.com/special/images/iconf2.png]
[marketpresso.com/special/images/iconf3.png]
[marketpresso.com/special/images/iconf5.png]
[marketpresso.com/special/images/iconf6.png]
[marketpresso.com/special/images/saurabh.png]
[marketpresso.com/special/images/iconf7.png]
[marketpresso.com/special/images/feat4.png]
[marketpresso.com/special/images/feat5.png]
[marketpresso.com/special/images/feat6.png]
[marketpresso.com/special/images/feat7.png]
[marketpresso.com/special/images/feat8.png]
[marketpresso.com/special/images/feat9.png]
[marketpresso.com/special/images/feat10.png]
[marketpresso.com/special/images/feat11.png]
[marketpresso.com/special/images/feat12.png]
[marketpresso.com/special/images/feat13.png]
[marketpresso.com/special/images/feat14.png]
[marketpresso.com/special/images/feat15.png]
[marketpresso.com/special/images/feat16.png]
[marketpresso.com/special/images/feat17.png]
[marketpresso.com/special/images/feat18.png]
[marketpresso.com/special/images/feat19.png]
[marketpresso.com/special/images/feat20.png]
[marketpresso.com/special/images/feat21.png]
[marketpresso.com/special/images/bonus1.png]
[marketpresso.com/special/images/bonus3.png]
[marketpresso.com/special/images/bonus4.png]
[marketpresso.com/special/images/bonus5.png]
[marketpresso.com/special/images/bonus.png]
[marketpresso.com/special/images/girl5.png]
[marketpresso.com/special/images/logo2.png]
[marketpresso.com/special/images/graphic3.png]
[marketpresso.com/special/images/logo1.png]
[marketpresso.com/special/images/girl6.png]
[marketpresso.com/special/images/male2.png]
[ajax.cloudflare.com/cdn-cgi/scripts/7089c43e/cloudflare-static/rocket-loader.min.js]
[connect.facebook.net/en_US/fbevents.js]
[widget.manychat.com/20384.js]
[cdn.letsetcom.io/js/main/6ae423bb9c7aec98811a43f46fbcfd0b.js]
[cdn.letconvert.com/js/main/04b3d257c6b89d8294119f19ff60b6cc.js]
[d10lpsik1i8c69.cloudfront.net/w.js]
[marketpresso.com/special/index.html]
[connect.facebook.net/en_GB/sdk.js]
[use.fontawesome.com/releases/v5.7.2/css/all.css]
[marketpresso.com/special/css/bootstrap.css]
[marketpresso.com/special/images/bg1.png]
[marketpresso.com/special/images/bg2.png]
[marketpresso.com/special/images/bg3.png]
[marketpresso.com/special/images/bg4.png]
[marketpresso.com/special/images/bg5.png]
[marketpresso.com/special/images/bg6.png]
[marketpresso.com/special/images/bg7a.png]
[marketpresso.com/special/images/bg8.png]
[marketpresso.com/special/images/bg9.png]
[marketpresso.com/special/images/bg10.png]
[marketpresso.com/special/images/bg11.png]
[marketpresso.com/special/images/bg12.png]
[marketpresso.com/special/images/bg13.png]
[marketpresso.com/special/images/bg14.png]
[marketpresso.com/special/images/bg15.png]
[marketpresso.com/special/images/bg16.png]
[marketpresso.com/special/images/bg17.png]
[marketpresso.com/special/images/bg18.png]
[marketpresso.com/special/images/bg19.png]
[marketpresso.com/special/images/bg20.png]
[marketpresso.com/special/images/bg21.png]
[marketpresso.com/special/images/bg22.png]
[marketpresso.com/special/images/bg23.png]
[marketpresso.com/special/images/graphic1.png]
[marketpresso.com/special/images/iconb-box1.png]
[marketpresso.com/special/images/iconb-box.png]
[marketpresso.com/special/images/iconb-box2.png]
[marketpresso.com/special/images/iconb-box4.png]
[marketpresso.com/special/images/iconb-box3.png]
[marketpresso.com/special/images/vector1.png]
[marketpresso.com/special/images/s1bg.png]
[marketpresso.com/special/images/s2bg.png]
[marketpresso.com/special/images/s3bg.png]
[marketpresso.com/special/images/s4bg.png]
[marketpresso.com/special/images/iconebg.png]
[marketpresso.com/special/images/iconebg1.png]
[marketpresso.com/special/css/style.css]
[marketpresso.com/special/POST]
[connect.facebook.net/en_US/fbevents.js]
[widget.manychat.com/20384.js]
[connect.facebook.net/en_GB/sdk.js]
[marketpresso.com/special/POST.html]
